// Jest Snapshot v1, https://goo.gl/fbAQLP

exports[`<AccountCard> renders without crashing 1`] = `
<div
  className="sc-bcPKhP eQzDjP"
>
  <span
    className="rt-Text rt-r-size-7 rt-r-weight-bold"
  >
    test
  </span>
  <div
    className="rt-Box"
  >
    <span
      className="rt-Text"
    >
      ฿
    </span>
    <span>
      0
    </span>
  </div>
</div>
`;
