// Jest Snapshot v1, https://goo.gl/fbAQLP

exports[`<AccountCard> renders without crashing 1`] = `
<div
  className="sc-gTRrQi jCQzeF box has-text-right has-text-white p-5"
>
  <div
    className="is-size-3 has-text-weight-bold"
  >
    test
  </div>
  <div
    className="is-size-5"
  >
    <span>
      ฿
    </span>
    <span>
      0
    </span>
  </div>
</div>
`;
