// Jest Snapshot v1, https://goo.gl/fbAQLP

exports[`<App> renders without crashing 1`] = `
<BrowserRouter>
  <Suspense
    fallback={<Loading />}
  >
    <Routes>
      <Route
        element={<UNDEFINED />}
        path="/signIn"
      />
      <Route
        element={
          <AuthProtection>
            <UNDEFINED>
              <UNDEFINED />
            </UNDEFINED>
          </AuthProtection>
        }
        path="/"
      />
      <Route
        element={
          <AuthProtection>
            <UNDEFINED>
              <UNDEFINED />
            </UNDEFINED>
          </AuthProtection>
        }
        path="/wallet/:accountId/transactionList"
      />
      <Route
        element={
          <AuthProtection>
            <UNDEFINED>
              <UNDEFINED />
            </UNDEFINED>
          </AuthProtection>
        }
        path="/more"
      />
      <Route
        element={
          <AuthProtection>
            <UNDEFINED>
              <UNDEFINED />
            </UNDEFINED>
          </AuthProtection>
        }
        path="/category/setting"
      />
      <Route
        element={
          <AuthProtection>
            <UNDEFINED>
              <UNDEFINED />
            </UNDEFINED>
          </AuthProtection>
        }
        path="/wallet/setting"
      />
    </Routes>
  </Suspense>
</BrowserRouter>
`;
